// Jest Snapshot v1, https://goo.gl/fbAQLP

exports[`<Logo> renders default 1`] = `
<div>
  <img
    alt="logo"
    class="logo default normal"
    src="logo.svg"
  />
</div>
`;
