// Jest Snapshot v1, https://goo.gl/fbAQLP

exports[`<Button> renders default 1`] = `
<div>
  <button
    class="button"
    type="button"
  >
    test button
  </button>
</div>
`;
